[2025-10-22 06:23:36] local.ERROR: Symfony\Component\HttpFoundation\Request::create(): Argument #1 ($uri) must be of type string, null given, called in /Users/yaminahmed/fleet/framework/vendor/laravel/framework/src/Illuminate/Foundation/Bootstrap/SetRequestForConsole.php on line 31 {"exception":"[object] (TypeError(code: 0): Symfony\\Component\\HttpFoundation\\Request::create(): Argument #1 ($uri) must be of type string, null given, called in /Users/yaminahmed/fleet/framework/vendor/laravel/framework/src/Illuminate/Foundation/Bootstrap/SetRequestForConsole.php on line 31 at /Users/yaminahmed/fleet/framework/vendor/symfony/http-foundation/Request.php:325)
[stacktrace]
#0 /Users/yaminahmed/fleet/framework/vendor/laravel/framework/src/Illuminate/Foundation/Bootstrap/SetRequestForConsole.php(31): Symfony\\Component\\HttpFoundation\\Request::create(NULL, 'GET', Array, Array, Array, Array)
#1 /Users/yaminahmed/fleet/framework/vendor/laravel/framework/src/Illuminate/Foundation/Application.php(261): Illuminate\\Foundation\\Bootstrap\\SetRequestForConsole->bootstrap(Object(Illuminate\\Foundation\\Application))
#2 /Users/yaminahmed/fleet/framework/vendor/laravel/framework/src/Illuminate/Foundation/Console/Kernel.php(447): Illuminate\\Foundation\\Application->bootstrapWith(Array)
#3 /Users/yaminahmed/fleet/framework/vendor/laravel/framework/src/Illuminate/Foundation/Console/Kernel.php(199): Illuminate\\Foundation\\Console\\Kernel->bootstrap()
#4 /Users/yaminahmed/fleet/framework/artisan(13): Illuminate\\Foundation\\Console\\Kernel->handle(Object(Symfony\\Component\\Console\\Input\\ArgvInput), Object(Symfony\\Component\\Console\\Output\\ConsoleOutput))
#5 {main}
"} 
[2025-10-22 06:23:39] local.ERROR: Symfony\Component\HttpFoundation\Request::create(): Argument #1 ($uri) must be of type string, null given, called in /Users/yaminahmed/fleet/framework/vendor/laravel/framework/src/Illuminate/Foundation/Bootstrap/SetRequestForConsole.php on line 31 {"exception":"[object] (TypeError(code: 0): Symfony\\Component\\HttpFoundation\\Request::create(): Argument #1 ($uri) must be of type string, null given, called in /Users/yaminahmed/fleet/framework/vendor/laravel/framework/src/Illuminate/Foundation/Bootstrap/SetRequestForConsole.php on line 31 at /Users/yaminahmed/fleet/framework/vendor/symfony/http-foundation/Request.php:325)
[stacktrace]
#0 /Users/yaminahmed/fleet/framework/vendor/laravel/framework/src/Illuminate/Foundation/Bootstrap/SetRequestForConsole.php(31): Symfony\\Component\\HttpFoundation\\Request::create(NULL, 'GET', Array, Array, Array, Array)
#1 /Users/yaminahmed/fleet/framework/vendor/laravel/framework/src/Illuminate/Foundation/Application.php(261): Illuminate\\Foundation\\Bootstrap\\SetRequestForConsole->bootstrap(Object(Illuminate\\Foundation\\Application))
#2 /Users/yaminahmed/fleet/framework/vendor/laravel/framework/src/Illuminate/Foundation/Console/Kernel.php(447): Illuminate\\Foundation\\Application->bootstrapWith(Array)
#3 /Users/yaminahmed/fleet/framework/vendor/laravel/framework/src/Illuminate/Foundation/Console/Kernel.php(199): Illuminate\\Foundation\\Console\\Kernel->bootstrap()
#4 /Users/yaminahmed/fleet/framework/artisan(13): Illuminate\\Foundation\\Console\\Kernel->handle(Object(Symfony\\Component\\Console\\Input\\ArgvInput), Object(Symfony\\Component\\Console\\Output\\ConsoleOutput))
#5 {main}
"} 
[2025-10-22 06:52:30] local.ERROR: Symfony\Component\HttpFoundation\Request::create(): Argument #1 ($uri) must be of type string, null given, called in /Users/yaminahmed/fleet/framework/vendor/laravel/framework/src/Illuminate/Foundation/Bootstrap/SetRequestForConsole.php on line 31 {"exception":"[object] (TypeError(code: 0): Symfony\\Component\\HttpFoundation\\Request::create(): Argument #1 ($uri) must be of type string, null given, called in /Users/yaminahmed/fleet/framework/vendor/laravel/framework/src/Illuminate/Foundation/Bootstrap/SetRequestForConsole.php on line 31 at /Users/yaminahmed/fleet/framework/vendor/symfony/http-foundation/Request.php:325)
[stacktrace]
#0 /Users/yaminahmed/fleet/framework/vendor/laravel/framework/src/Illuminate/Foundation/Bootstrap/SetRequestForConsole.php(31): Symfony\\Component\\HttpFoundation\\Request::create(NULL, 'GET', Array, Array, Array, Array)
#1 /Users/yaminahmed/fleet/framework/vendor/laravel/framework/src/Illuminate/Foundation/Application.php(261): Illuminate\\Foundation\\Bootstrap\\SetRequestForConsole->bootstrap(Object(Illuminate\\Foundation\\Application))
#2 /Users/yaminahmed/fleet/framework/vendor/laravel/framework/src/Illuminate/Foundation/Console/Kernel.php(447): Illuminate\\Foundation\\Application->bootstrapWith(Array)
#3 /Users/yaminahmed/fleet/framework/vendor/laravel/framework/src/Illuminate/Foundation/Console/Kernel.php(199): Illuminate\\Foundation\\Console\\Kernel->bootstrap()
#4 /Users/yaminahmed/fleet/framework/artisan(13): Illuminate\\Foundation\\Console\\Kernel->handle(Object(Symfony\\Component\\Console\\Input\\ArgvInput), Object(Symfony\\Component\\Console\\Output\\ConsoleOutput))
#5 {main}
"} 
[2025-10-22 06:53:50] local.ERROR: Symfony\Component\HttpFoundation\Request::create(): Argument #1 ($uri) must be of type string, null given, called in /Users/yaminahmed/fleet/framework/vendor/laravel/framework/src/Illuminate/Foundation/Bootstrap/SetRequestForConsole.php on line 31 {"exception":"[object] (TypeError(code: 0): Symfony\\Component\\HttpFoundation\\Request::create(): Argument #1 ($uri) must be of type string, null given, called in /Users/yaminahmed/fleet/framework/vendor/laravel/framework/src/Illuminate/Foundation/Bootstrap/SetRequestForConsole.php on line 31 at /Users/yaminahmed/fleet/framework/vendor/symfony/http-foundation/Request.php:325)
[stacktrace]
#0 /Users/yaminahmed/fleet/framework/vendor/laravel/framework/src/Illuminate/Foundation/Bootstrap/SetRequestForConsole.php(31): Symfony\\Component\\HttpFoundation\\Request::create(NULL, 'GET', Array, Array, Array, Array)
#1 /Users/yaminahmed/fleet/framework/vendor/laravel/framework/src/Illuminate/Foundation/Application.php(261): Illuminate\\Foundation\\Bootstrap\\SetRequestForConsole->bootstrap(Object(Illuminate\\Foundation\\Application))
#2 /Users/yaminahmed/fleet/framework/vendor/laravel/framework/src/Illuminate/Foundation/Console/Kernel.php(447): Illuminate\\Foundation\\Application->bootstrapWith(Array)
#3 /Users/yaminahmed/fleet/framework/vendor/laravel/framework/src/Illuminate/Foundation/Console/Kernel.php(199): Illuminate\\Foundation\\Console\\Kernel->bootstrap()
#4 /Users/yaminahmed/fleet/framework/artisan(13): Illuminate\\Foundation\\Console\\Kernel->handle(Object(Symfony\\Component\\Console\\Input\\ArgvInput), Object(Symfony\\Component\\Console\\Output\\ConsoleOutput))
#5 {main}
"} 
