[2025-10-21 13:59:25] local.ERROR: SQLSTATE[08006] [7] connection to server at "127.0.0.1", port 5432 failed: Connection refused
	Is the server running on that host and accepting TCP/IP connections? (Connection: pgsql, SQL: select * from "frontend" where "frontend"."deleted_at" is null) {"exception":"[object] (Illuminate\\Database\\QueryException(code: 7): SQLSTATE[08006] [7] connection to server at \"127.0.0.1\", port 5432 failed: Connection refused
\tIs the server running on that host and accepting TCP/IP connections? (Connection: pgsql, SQL: select * from \"frontend\" where \"frontend\".\"deleted_at\" is null) at /Users/yaminahmed/fleet/framework/vendor/laravel/framework/src/Illuminate/Database/Connection.php:795)
[stacktrace]
#0 /Users/yaminahmed/fleet/framework/vendor/laravel/framework/src/Illuminate/Database/Connection.php(755): Illuminate\\Database\\Connection->runQueryCallback('select * from \"...', Array, Object(Closure))
#1 /Users/yaminahmed/fleet/framework/vendor/laravel/framework/src/Illuminate/Database/Connection.php(407): Illuminate\\Database\\Connection->run('select * from \"...', Array, Object(Closure))
#2 /Users/yaminahmed/fleet/framework/vendor/laravel/framework/src/Illuminate/Database/Query/Builder.php(2747): Illuminate\\Database\\Connection->select('select * from \"...', Array, true)
#3 /Users/yaminahmed/fleet/framework/vendor/laravel/framework/src/Illuminate/Database/Query/Builder.php(2736): Illuminate\\Database\\Query\\Builder->runSelect()
#4 /Users/yaminahmed/fleet/framework/vendor/laravel/framework/src/Illuminate/Database/Query/Builder.php(3290): Illuminate\\Database\\Query\\Builder->{closure:Illuminate\\Database\\Query\\Builder::get():2735}()
#5 /Users/yaminahmed/fleet/framework/vendor/laravel/framework/src/Illuminate/Database/Query/Builder.php(2735): Illuminate\\Database\\Query\\Builder->onceWithColumns(Array, Object(Closure))
#6 /Users/yaminahmed/fleet/framework/vendor/laravel/framework/src/Illuminate/Database/Eloquent/Builder.php(720): Illuminate\\Database\\Query\\Builder->get(Array)
#7 /Users/yaminahmed/fleet/framework/vendor/laravel/framework/src/Illuminate/Database/Eloquent/Builder.php(704): Illuminate\\Database\\Eloquent\\Builder->getModels(Array)
#8 /Users/yaminahmed/fleet/framework/vendor/laravel/framework/src/Illuminate/Database/Eloquent/Model.php(674): Illuminate\\Database\\Eloquent\\Builder->get(Array)
#9 /Users/yaminahmed/fleet/framework/app/Model/Hyvikk.php(72): Illuminate\\Database\\Eloquent\\Model::all()
#10 /Users/yaminahmed/fleet/framework/app/Http/Controllers/FrontEnd/HomeController.php(48): App\\Model\\Hyvikk::frontend('language')
#11 [internal function]: App\\Http\\Controllers\\FrontEnd\\HomeController->__construct()
#12 /Users/yaminahmed/fleet/framework/vendor/laravel/framework/src/Illuminate/Container/Container.php(952): ReflectionClass->newInstanceArgs(Array)
#13 /Users/yaminahmed/fleet/framework/vendor/laravel/framework/src/Illuminate/Container/Container.php(795): Illuminate\\Container\\Container->build('App\\\\Http\\\\Contro...')
#14 /Users/yaminahmed/fleet/framework/vendor/laravel/framework/src/Illuminate/Foundation/Application.php(933): Illuminate\\Container\\Container->resolve('App\\\\Http\\\\Contro...', Array, true)
#15 /Users/yaminahmed/fleet/framework/vendor/laravel/framework/src/Illuminate/Container/Container.php(731): Illuminate\\Foundation\\Application->resolve('App\\\\Http\\\\Contro...', Array)
#16 /Users/yaminahmed/fleet/framework/vendor/laravel/framework/src/Illuminate/Foundation/Application.php(918): Illuminate\\Container\\Container->make('App\\\\Http\\\\Contro...', Array)
#17 /Users/yaminahmed/fleet/framework/vendor/laravel/framework/src/Illuminate/Routing/Route.php(274): Illuminate\\Foundation\\Application->make('App\\\\Http\\\\Contro...')
#18 /Users/yaminahmed/fleet/framework/vendor/laravel/framework/src/Illuminate/Routing/Route.php(1100): Illuminate\\Routing\\Route->getController()
#19 /Users/yaminahmed/fleet/framework/vendor/laravel/framework/src/Illuminate/Routing/Route.php(1031): Illuminate\\Routing\\Route->controllerMiddleware()
#20 /Users/yaminahmed/fleet/framework/vendor/laravel/framework/src/Illuminate/Routing/Router.php(811): Illuminate\\Routing\\Route->gatherMiddleware()
#21 /Users/yaminahmed/fleet/framework/vendor/laravel/framework/src/Illuminate/Routing/Router.php(793): Illuminate\\Routing\\Router->gatherRouteMiddleware(Object(Illuminate\\Routing\\Route))
#22 /Users/yaminahmed/fleet/framework/vendor/laravel/framework/src/Illuminate/Routing/Router.php(777): Illuminate\\Routing\\Router->runRouteWithinStack(Object(Illuminate\\Routing\\Route), Object(Illuminate\\Http\\Request))
#23 /Users/yaminahmed/fleet/framework/vendor/laravel/framework/src/Illuminate/Routing/Router.php(741): Illuminate\\Routing\\Router->runRoute(Object(Illuminate\\Http\\Request), Object(Illuminate\\Routing\\Route))
#24 /Users/yaminahmed/fleet/framework/vendor/laravel/framework/src/Illuminate/Routing/Router.php(730): Illuminate\\Routing\\Router->dispatchToRoute(Object(Illuminate\\Http\\Request))
#25 /Users/yaminahmed/fleet/framework/vendor/laravel/framework/src/Illuminate/Foundation/Http/Kernel.php(200): Illuminate\\Routing\\Router->dispatch(Object(Illuminate\\Http\\Request))
#26 /Users/yaminahmed/fleet/framework/vendor/laravel/framework/src/Illuminate/Pipeline/Pipeline.php(141): Illuminate\\Foundation\\Http\\Kernel->{closure:Illuminate\\Foundation\\Http\\Kernel::dispatchToRouter():197}(Object(Illuminate\\Http\\Request))
#27 /Users/yaminahmed/fleet/framework/vendor/laravel/framework/src/Illuminate/Foundation/Http/Middleware/TransformsRequest.php(21): Illuminate\\Pipeline\\Pipeline->{closure:Illuminate\\Pipeline\\Pipeline::prepareDestination():139}(Object(Illuminate\\Http\\Request))
#28 /Users/yaminahmed/fleet/framework/vendor/laravel/framework/src/Illuminate/Foundation/Http/Middleware/ConvertEmptyStringsToNull.php(31): Illuminate\\Foundation\\Http\\Middleware\\TransformsRequest->handle(Object(Illuminate\\Http\\Request), Object(Closure))
#29 /Users/yaminahmed/fleet/framework/vendor/laravel/framework/src/Illuminate/Pipeline/Pipeline.php(180): Illuminate\\Foundation\\Http\\Middleware\\ConvertEmptyStringsToNull->handle(Object(Illuminate\\Http\\Request), Object(Closure))
#30 /Users/yaminahmed/fleet/framework/vendor/laravel/framework/src/Illuminate/Foundation/Http/Middleware/TransformsRequest.php(21): Illuminate\\Pipeline\\Pipeline->{closure:{closure:Illuminate\\Pipeline\\Pipeline::carry():155}:156}(Object(Illuminate\\Http\\Request))
#31 /Users/yaminahmed/fleet/framework/vendor/laravel/framework/src/Illuminate/Foundation/Http/Middleware/TrimStrings.php(40): Illuminate\\Foundation\\Http\\Middleware\\TransformsRequest->handle(Object(Illuminate\\Http\\Request), Object(Closure))
#32 /Users/yaminahmed/fleet/framework/vendor/laravel/framework/src/Illuminate/Pipeline/Pipeline.php(180): Illuminate\\Foundation\\Http\\Middleware\\TrimStrings->handle(Object(Illuminate\\Http\\Request), Object(Closure))
#33 /Users/yaminahmed/fleet/framework/vendor/laravel/framework/src/Illuminate/Foundation/Http/Middleware/ValidatePostSize.php(27): Illuminate\\Pipeline\\Pipeline->{closure:{closure:Illuminate\\Pipeline\\Pipeline::carry():155}:156}(Object(Illuminate\\Http\\Request))
#34 /Users/yaminahmed/fleet/framework/vendor/laravel/framework/src/Illuminate/Pipeline/Pipeline.php(180): Illuminate\\Foundation\\Http\\Middleware\\ValidatePostSize->handle(Object(Illuminate\\Http\\Request), Object(Closure))
#35 /Users/yaminahmed/fleet/framework/vendor/laravel/framework/src/Illuminate/Foundation/Http/Middleware/PreventRequestsDuringMaintenance.php(86): Illuminate\\Pipeline\\Pipeline->{closure:{closure:Illuminate\\Pipeline\\Pipeline::carry():155}:156}(Object(Illuminate\\Http\\Request))
#36 /Users/yaminahmed/fleet/framework/vendor/laravel/framework/src/Illuminate/Pipeline/Pipeline.php(180): Illuminate\\Foundation\\Http\\Middleware\\PreventRequestsDuringMaintenance->handle(Object(Illuminate\\Http\\Request), Object(Closure))
#37 /Users/yaminahmed/fleet/framework/vendor/laravel/framework/src/Illuminate/Pipeline/Pipeline.php(116): Illuminate\\Pipeline\\Pipeline->{closure:{closure:Illuminate\\Pipeline\\Pipeline::carry():155}:156}(Object(Illuminate\\Http\\Request))
#38 /Users/yaminahmed/fleet/framework/vendor/laravel/framework/src/Illuminate/Foundation/Http/Kernel.php(175): Illuminate\\Pipeline\\Pipeline->then(Object(Closure))
#39 /Users/yaminahmed/fleet/framework/vendor/laravel/framework/src/Illuminate/Foundation/Http/Kernel.php(144): Illuminate\\Foundation\\Http\\Kernel->sendRequestThroughRouter(Object(Illuminate\\Http\\Request))
#40 /Users/yaminahmed/fleet/framework/public/index.php(54): Illuminate\\Foundation\\Http\\Kernel->handle(Object(Illuminate\\Http\\Request))
#41 /Users/yaminahmed/fleet/framework/vendor/laravel/framework/src/Illuminate/Foundation/resources/server.php(16): require_once('/Users/yaminahm...')
#42 {main}

[previous exception] [object] (PDOException(code: 7): SQLSTATE[08006] [7] connection to server at \"127.0.0.1\", port 5432 failed: Connection refused
\tIs the server running on that host and accepting TCP/IP connections? at /Users/yaminahmed/fleet/framework/vendor/laravel/framework/src/Illuminate/Database/Connectors/Connector.php:65)
[stacktrace]
#0 /Users/yaminahmed/fleet/framework/vendor/laravel/framework/src/Illuminate/Database/Connectors/Connector.php(65): PDO->__construct('pgsql:host=127....', 'forge', Object(SensitiveParameterValue), Array)
#1 /Users/yaminahmed/fleet/framework/vendor/laravel/framework/src/Illuminate/Database/Connectors/Connector.php(44): Illuminate\\Database\\Connectors\\Connector->createPdoConnection('pgsql:host=127....', 'forge', '', Array)
#2 /Users/yaminahmed/fleet/framework/vendor/laravel/framework/src/Illuminate/Database/Connectors/PostgresConnector.php(35): Illuminate\\Database\\Connectors\\Connector->createConnection('pgsql:host=127....', Array, Array)
#3 /Users/yaminahmed/fleet/framework/vendor/laravel/framework/src/Illuminate/Database/Connectors/ConnectionFactory.php(184): Illuminate\\Database\\Connectors\\PostgresConnector->connect(Array)
#4 [internal function]: Illuminate\\Database\\Connectors\\ConnectionFactory->{closure:Illuminate\\Database\\Connectors\\ConnectionFactory::createPdoResolverWithHosts():179}()
#5 /Users/yaminahmed/fleet/framework/vendor/laravel/framework/src/Illuminate/Database/Connection.php(1275): call_user_func(Object(Closure))
#6 /Users/yaminahmed/fleet/framework/vendor/laravel/framework/src/Illuminate/Database/Connection.php(1311): Illuminate\\Database\\Connection->getPdo()
#7 /Users/yaminahmed/fleet/framework/vendor/laravel/framework/src/Illuminate/Database/Connection.php(521): Illuminate\\Database\\Connection->getReadPdo()
#8 /Users/yaminahmed/fleet/framework/vendor/laravel/framework/src/Illuminate/Database/Connection.php(416): Illuminate\\Database\\Connection->getPdoForSelect(true)
#9 /Users/yaminahmed/fleet/framework/vendor/laravel/framework/src/Illuminate/Database/Connection.php(788): Illuminate\\Database\\Connection->{closure:Illuminate\\Database\\Connection::select():407}('select * from \"...', Array)
#10 /Users/yaminahmed/fleet/framework/vendor/laravel/framework/src/Illuminate/Database/Connection.php(755): Illuminate\\Database\\Connection->runQueryCallback('select * from \"...', Array, Object(Closure))
#11 /Users/yaminahmed/fleet/framework/vendor/laravel/framework/src/Illuminate/Database/Connection.php(407): Illuminate\\Database\\Connection->run('select * from \"...', Array, Object(Closure))
#12 /Users/yaminahmed/fleet/framework/vendor/laravel/framework/src/Illuminate/Database/Query/Builder.php(2747): Illuminate\\Database\\Connection->select('select * from \"...', Array, true)
#13 /Users/yaminahmed/fleet/framework/vendor/laravel/framework/src/Illuminate/Database/Query/Builder.php(2736): Illuminate\\Database\\Query\\Builder->runSelect()
#14 /Users/yaminahmed/fleet/framework/vendor/laravel/framework/src/Illuminate/Database/Query/Builder.php(3290): Illuminate\\Database\\Query\\Builder->{closure:Illuminate\\Database\\Query\\Builder::get():2735}()
#15 /Users/yaminahmed/fleet/framework/vendor/laravel/framework/src/Illuminate/Database/Query/Builder.php(2735): Illuminate\\Database\\Query\\Builder->onceWithColumns(Array, Object(Closure))
#16 /Users/yaminahmed/fleet/framework/vendor/laravel/framework/src/Illuminate/Database/Eloquent/Builder.php(720): Illuminate\\Database\\Query\\Builder->get(Array)
#17 /Users/yaminahmed/fleet/framework/vendor/laravel/framework/src/Illuminate/Database/Eloquent/Builder.php(704): Illuminate\\Database\\Eloquent\\Builder->getModels(Array)
#18 /Users/yaminahmed/fleet/framework/vendor/laravel/framework/src/Illuminate/Database/Eloquent/Model.php(674): Illuminate\\Database\\Eloquent\\Builder->get(Array)
#19 /Users/yaminahmed/fleet/framework/app/Model/Hyvikk.php(72): Illuminate\\Database\\Eloquent\\Model::all()
#20 /Users/yaminahmed/fleet/framework/app/Http/Controllers/FrontEnd/HomeController.php(48): App\\Model\\Hyvikk::frontend('language')
#21 [internal function]: App\\Http\\Controllers\\FrontEnd\\HomeController->__construct()
#22 /Users/yaminahmed/fleet/framework/vendor/laravel/framework/src/Illuminate/Container/Container.php(952): ReflectionClass->newInstanceArgs(Array)
#23 /Users/yaminahmed/fleet/framework/vendor/laravel/framework/src/Illuminate/Container/Container.php(795): Illuminate\\Container\\Container->build('App\\\\Http\\\\Contro...')
#24 /Users/yaminahmed/fleet/framework/vendor/laravel/framework/src/Illuminate/Foundation/Application.php(933): Illuminate\\Container\\Container->resolve('App\\\\Http\\\\Contro...', Array, true)
#25 /Users/yaminahmed/fleet/framework/vendor/laravel/framework/src/Illuminate/Container/Container.php(731): Illuminate\\Foundation\\Application->resolve('App\\\\Http\\\\Contro...', Array)
#26 /Users/yaminahmed/fleet/framework/vendor/laravel/framework/src/Illuminate/Foundation/Application.php(918): Illuminate\\Container\\Container->make('App\\\\Http\\\\Contro...', Array)
#27 /Users/yaminahmed/fleet/framework/vendor/laravel/framework/src/Illuminate/Routing/Route.php(274): Illuminate\\Foundation\\Application->make('App\\\\Http\\\\Contro...')
#28 /Users/yaminahmed/fleet/framework/vendor/laravel/framework/src/Illuminate/Routing/Route.php(1100): Illuminate\\Routing\\Route->getController()
#29 /Users/yaminahmed/fleet/framework/vendor/laravel/framework/src/Illuminate/Routing/Route.php(1031): Illuminate\\Routing\\Route->controllerMiddleware()
#30 /Users/yaminahmed/fleet/framework/vendor/laravel/framework/src/Illuminate/Routing/Router.php(811): Illuminate\\Routing\\Route->gatherMiddleware()
#31 /Users/yaminahmed/fleet/framework/vendor/laravel/framework/src/Illuminate/Routing/Router.php(793): Illuminate\\Routing\\Router->gatherRouteMiddleware(Object(Illuminate\\Routing\\Route))
#32 /Users/yaminahmed/fleet/framework/vendor/laravel/framework/src/Illuminate/Routing/Router.php(777): Illuminate\\Routing\\Router->runRouteWithinStack(Object(Illuminate\\Routing\\Route), Object(Illuminate\\Http\\Request))
#33 /Users/yaminahmed/fleet/framework/vendor/laravel/framework/src/Illuminate/Routing/Router.php(741): Illuminate\\Routing\\Router->runRoute(Object(Illuminate\\Http\\Request), Object(Illuminate\\Routing\\Route))
#34 /Users/yaminahmed/fleet/framework/vendor/laravel/framework/src/Illuminate/Routing/Router.php(730): Illuminate\\Routing\\Router->dispatchToRoute(Object(Illuminate\\Http\\Request))
#35 /Users/yaminahmed/fleet/framework/vendor/laravel/framework/src/Illuminate/Foundation/Http/Kernel.php(200): Illuminate\\Routing\\Router->dispatch(Object(Illuminate\\Http\\Request))
#36 /Users/yaminahmed/fleet/framework/vendor/laravel/framework/src/Illuminate/Pipeline/Pipeline.php(141): Illuminate\\Foundation\\Http\\Kernel->{closure:Illuminate\\Foundation\\Http\\Kernel::dispatchToRouter():197}(Object(Illuminate\\Http\\Request))
#37 /Users/yaminahmed/fleet/framework/vendor/laravel/framework/src/Illuminate/Foundation/Http/Middleware/TransformsRequest.php(21): Illuminate\\Pipeline\\Pipeline->{closure:Illuminate\\Pipeline\\Pipeline::prepareDestination():139}(Object(Illuminate\\Http\\Request))
#38 /Users/yaminahmed/fleet/framework/vendor/laravel/framework/src/Illuminate/Foundation/Http/Middleware/ConvertEmptyStringsToNull.php(31): Illuminate\\Foundation\\Http\\Middleware\\TransformsRequest->handle(Object(Illuminate\\Http\\Request), Object(Closure))
#39 /Users/yaminahmed/fleet/framework/vendor/laravel/framework/src/Illuminate/Pipeline/Pipeline.php(180): Illuminate\\Foundation\\Http\\Middleware\\ConvertEmptyStringsToNull->handle(Object(Illuminate\\Http\\Request), Object(Closure))
#40 /Users/yaminahmed/fleet/framework/vendor/laravel/framework/src/Illuminate/Foundation/Http/Middleware/TransformsRequest.php(21): Illuminate\\Pipeline\\Pipeline->{closure:{closure:Illuminate\\Pipeline\\Pipeline::carry():155}:156}(Object(Illuminate\\Http\\Request))
#41 /Users/yaminahmed/fleet/framework/vendor/laravel/framework/src/Illuminate/Foundation/Http/Middleware/TrimStrings.php(40): Illuminate\\Foundation\\Http\\Middleware\\TransformsRequest->handle(Object(Illuminate\\Http\\Request), Object(Closure))
#42 /Users/yaminahmed/fleet/framework/vendor/laravel/framework/src/Illuminate/Pipeline/Pipeline.php(180): Illuminate\\Foundation\\Http\\Middleware\\TrimStrings->handle(Object(Illuminate\\Http\\Request), Object(Closure))
#43 /Users/yaminahmed/fleet/framework/vendor/laravel/framework/src/Illuminate/Foundation/Http/Middleware/ValidatePostSize.php(27): Illuminate\\Pipeline\\Pipeline->{closure:{closure:Illuminate\\Pipeline\\Pipeline::carry():155}:156}(Object(Illuminate\\Http\\Request))
#44 /Users/yaminahmed/fleet/framework/vendor/laravel/framework/src/Illuminate/Pipeline/Pipeline.php(180): Illuminate\\Foundation\\Http\\Middleware\\ValidatePostSize->handle(Object(Illuminate\\Http\\Request), Object(Closure))
#45 /Users/yaminahmed/fleet/framework/vendor/laravel/framework/src/Illuminate/Foundation/Http/Middleware/PreventRequestsDuringMaintenance.php(86): Illuminate\\Pipeline\\Pipeline->{closure:{closure:Illuminate\\Pipeline\\Pipeline::carry():155}:156}(Object(Illuminate\\Http\\Request))
#46 /Users/yaminahmed/fleet/framework/vendor/laravel/framework/src/Illuminate/Pipeline/Pipeline.php(180): Illuminate\\Foundation\\Http\\Middleware\\PreventRequestsDuringMaintenance->handle(Object(Illuminate\\Http\\Request), Object(Closure))
#47 /Users/yaminahmed/fleet/framework/vendor/laravel/framework/src/Illuminate/Pipeline/Pipeline.php(116): Illuminate\\Pipeline\\Pipeline->{closure:{closure:Illuminate\\Pipeline\\Pipeline::carry():155}:156}(Object(Illuminate\\Http\\Request))
#48 /Users/yaminahmed/fleet/framework/vendor/laravel/framework/src/Illuminate/Foundation/Http/Kernel.php(175): Illuminate\\Pipeline\\Pipeline->then(Object(Closure))
#49 /Users/yaminahmed/fleet/framework/vendor/laravel/framework/src/Illuminate/Foundation/Http/Kernel.php(144): Illuminate\\Foundation\\Http\\Kernel->sendRequestThroughRouter(Object(Illuminate\\Http\\Request))
#50 /Users/yaminahmed/fleet/framework/public/index.php(54): Illuminate\\Foundation\\Http\\Kernel->handle(Object(Illuminate\\Http\\Request))
#51 /Users/yaminahmed/fleet/framework/vendor/laravel/framework/src/Illuminate/Foundation/resources/server.php(16): require_once('/Users/yaminahm...')
#52 {main}
"} 
[2025-10-21 14:31:49] local.ERROR: Symfony\Component\HttpFoundation\Request::create(): Argument #1 ($uri) must be of type string, null given, called in /Users/yaminahmed/fleet/framework/vendor/laravel/framework/src/Illuminate/Foundation/Bootstrap/SetRequestForConsole.php on line 31 {"exception":"[object] (TypeError(code: 0): Symfony\\Component\\HttpFoundation\\Request::create(): Argument #1 ($uri) must be of type string, null given, called in /Users/yaminahmed/fleet/framework/vendor/laravel/framework/src/Illuminate/Foundation/Bootstrap/SetRequestForConsole.php on line 31 at /Users/yaminahmed/fleet/framework/vendor/symfony/http-foundation/Request.php:325)
[stacktrace]
#0 /Users/yaminahmed/fleet/framework/vendor/laravel/framework/src/Illuminate/Foundation/Bootstrap/SetRequestForConsole.php(31): Symfony\\Component\\HttpFoundation\\Request::create(NULL, 'GET', Array, Array, Array, Array)
#1 /Users/yaminahmed/fleet/framework/vendor/laravel/framework/src/Illuminate/Foundation/Application.php(261): Illuminate\\Foundation\\Bootstrap\\SetRequestForConsole->bootstrap(Object(Illuminate\\Foundation\\Application))
#2 /Users/yaminahmed/fleet/framework/vendor/laravel/framework/src/Illuminate/Foundation/Console/Kernel.php(447): Illuminate\\Foundation\\Application->bootstrapWith(Array)
#3 /Users/yaminahmed/fleet/framework/vendor/laravel/framework/src/Illuminate/Foundation/Console/Kernel.php(199): Illuminate\\Foundation\\Console\\Kernel->bootstrap()
#4 /Users/yaminahmed/fleet/framework/artisan(13): Illuminate\\Foundation\\Console\\Kernel->handle(Object(Symfony\\Component\\Console\\Input\\ArgvInput), Object(Symfony\\Component\\Console\\Output\\ConsoleOutput))
#5 {main}
"} 
[2025-10-21 14:32:27] local.ERROR: Symfony\Component\HttpFoundation\Request::create(): Argument #1 ($uri) must be of type string, null given, called in /Users/yaminahmed/fleet/framework/vendor/laravel/framework/src/Illuminate/Foundation/Bootstrap/SetRequestForConsole.php on line 31 {"exception":"[object] (TypeError(code: 0): Symfony\\Component\\HttpFoundation\\Request::create(): Argument #1 ($uri) must be of type string, null given, called in /Users/yaminahmed/fleet/framework/vendor/laravel/framework/src/Illuminate/Foundation/Bootstrap/SetRequestForConsole.php on line 31 at /Users/yaminahmed/fleet/framework/vendor/symfony/http-foundation/Request.php:325)
[stacktrace]
#0 /Users/yaminahmed/fleet/framework/vendor/laravel/framework/src/Illuminate/Foundation/Bootstrap/SetRequestForConsole.php(31): Symfony\\Component\\HttpFoundation\\Request::create(NULL, 'GET', Array, Array, Array, Array)
#1 /Users/yaminahmed/fleet/framework/vendor/laravel/framework/src/Illuminate/Foundation/Application.php(261): Illuminate\\Foundation\\Bootstrap\\SetRequestForConsole->bootstrap(Object(Illuminate\\Foundation\\Application))
#2 /Users/yaminahmed/fleet/framework/vendor/laravel/framework/src/Illuminate/Foundation/Console/Kernel.php(447): Illuminate\\Foundation\\Application->bootstrapWith(Array)
#3 /Users/yaminahmed/fleet/framework/vendor/laravel/framework/src/Illuminate/Foundation/Console/Kernel.php(199): Illuminate\\Foundation\\Console\\Kernel->bootstrap()
#4 /Users/yaminahmed/fleet/framework/artisan(13): Illuminate\\Foundation\\Console\\Kernel->handle(Object(Symfony\\Component\\Console\\Input\\ArgvInput), Object(Symfony\\Component\\Console\\Output\\ConsoleOutput))
#5 {main}
"} 
